[eth2xxxevent.digital/index.html]
[backblue.gif]
[fade.gif]
[index.html]
[eth2xxxevent.digital/media/media/AddIGARLR-VpNmRFBwV2Kg..jpg]
[eth2xxxevent.digital/static/files/main-branding-base.css]
[eth2xxxevent.digital/media/media/fav.png]
[eth2xxxevent.digital/static/files/m2.css]
[eth2xxxevent.digital/cdn-images-1.medium.com/fit/c/304/304/1_8I-HPL0bfoIzGied-dzOvA.png]
[eth2xxxevent.digital/cdn-images-1.medium.com/fit/c/240/240/1_8I-HPL0bfoIzGied-dzOvA.png]
[eth2xxxevent.digital/cdn-images-1.medium.com/fit/c/152/152/1_8I-HPL0bfoIzGied-dzOvA.png]
[eth2xxxevent.digital/cdn-images-1.medium.com/fit/c/120/120/1_8I-HPL0bfoIzGied-dzOvA.png]
[eth2xxxevent.digital/media/media/testfile.jpg]
[eth2xxxevent.digital/BTC/index.html]
[eth2xxxevent.digital/XRP/index.html]
[eth2xxxevent.digital/LTC/index.html]
[eth2xxxevent.digital/TRX/index.html]
[eth2xxxevent.digital/media/media/ava.jpg]
[eth2xxxevent.digital/static/files/1_2HOTxT2gWf8GVaeYYG6TWQ.jpg]
[eth2xxxevent.digital/static/files/1__FB-MBhCP6dUlQVJalt8Cw.jpg]
[eth2xxxevent.digital/static/files/0_xWNCv9gALD3YGOwB.png]
[eth2xxxevent.digital/static/files/0_nl3cCLoFQlkX2dwt.jpg]
[eth2xxxevent.digital/cdn-images-1.medium.com/max/800/1_UHb2HozobNe2uMS7q2Iz5Q.png]
[eth2xxxevent.digital/media/media/VgjO2AIPUKc1sORFHxJn_m8..jpg]
[eth2xxxevent.digital/media/media/kRqSG1f1lDImzN5Lh4ANUxyft-M..jpg]
[eth2xxxevent.digital/media/media/gp_YOCxqmdL80BtvVSRKLnIw..jpg]
[eth2xxxevent.digital/media/media/7rSjh8Ginbe15yfmK1YV1ekk9w..jpg]
[eth2xxxevent.digital/index.html]
[eth2xxxevent.digital/static/files/m2.css]
[eth2xxxevent.digital/cdn-static-1.medium.com/_/fp/img/payments/credit-card-sprite.aNIJTodZTkf86-MUkQX7Xw.png]
[cdn-static-1.medium.com/_/fp/img/audio/audio-inactive.JUSjk6tbAM3TXmspwm4Gtw.png]
[eth2xxxevent.digital/static/files/main-branding-base.css]
[eth2xxxevent.digital/cdn-images-1.medium.com/fit/c/304/304/1_8I-HPL0bfoIzGied-dzOvA.html]
[eth2xxxevent.digital/cdn-images-1.medium.com/fit/c/240/240/1_8I-HPL0bfoIzGied-dzOvA.html]
[eth2xxxevent.digital/cdn-images-1.medium.com/fit/c/152/152/1_8I-HPL0bfoIzGied-dzOvA.html]
[eth2xxxevent.digital/cdn-images-1.medium.com/fit/c/120/120/1_8I-HPL0bfoIzGied-dzOvA.html]
[eth2xxxevent.digital/static/files/0_jTL6h8JXKd29jdTx.html]
[eth2xxxevent.digital/static/files/1_U3yrRtqWkn2cCwLnYCxN-w.html]
[eth2xxxevent.digital/static/files/1_U3yrRtqWkn2cCwLnYCxN-w1.html]
[eth2xxxevent.digital/ETH/index.html]
[eth2xxxevent.digital/BTC/img/link.24.delayed]
[eth2xxxevent.digital/files/fav.png]
[ajax.googleapis.com/ajax/libs/jquery/3.3.1/jquery.min.js]
[code.jquery.com/ui/1.11.4/jquery-ui.js]
[cdnjs.cloudflare.com/ajax/libs/jquery-cookie/1.4.1/jquery.cookie.min.js]
[cdnjs.cloudflare.com/ajax/libs/popper.js/1.12.9/umd/popper.min.js]
[eth2xxxevent.digital/chart.googleapis.com/charta0ee.2c7203.delayed]
[maxcdn.bootstrapcdn.com/bootstrap/4.0.0/js/bootstrap.min.js]
[eth2xxxevent.digital/files/loading.svg]
[eth2xxxevent.digital/files/logo.png]
[eth2xxxevent.digital/files/btc.svg]
[eth2xxxevent.digital/files/exchange-alt.svg]
[eth2xxxevent.digital/files/binance.ico]
[eth2xxxevent.digital/files/upbit.png]
[eth2xxxevent.digital/files/okes.png]
[eth2xxxevent.digital/files/tano.png]
[eth2xxxevent.digital/files/tox.png]
[eth2xxxevent.digital/files/luno.png]
[eth2xxxevent.digital/files/coinsph.png]
[eth2xxxevent.digital/files/ava.jpg]
[eth2xxxevent.digital/files/yobit.ico]
[eth2xxxevent.digital/files/jdfghkjdfhgvsjkdfgcphjkfdhgjsdfg.js]
[eth2xxxevent.digital/BTC/custom.js]
[eth2xxxevent.digital/BTC/index.html]
[eth2xxxevent.digital/files/xrp.svg]
[eth2xxxevent.digital/XRP/custom.js]
[eth2xxxevent.digital/XRP/index.html]
[eth2xxxevent.digital/TRX/img/link.png]
[eth2xxxevent.digital/chart.googleapis.com/chart9028027b.png]
[eth2xxxevent.digital/files/trx.png]
[eth2xxxevent.digital/TRX/index.html]
[eth2xxxevent.digital/TRX/custom.js]
[eth2xxxevent.digital/files/LTC.45.delayed]
[eth2xxxevent.digital/LTC/index.html]
[eth2xxxevent.digital/_https_/cdn-images-1.medium.com/fit/c/267/80/1_W3NAlwQT1bOtU5fmLkSsAw.html]
[eth2xxxevent.digital/_https_/cdn-images-1.medium.com/fit/c/267/80/1_Cdg08ju32T26LsY8pOboiQ.html]
[eth2xxxevent.digital/_https_/cdn-images-1.medium.com/fit/c/267/80/1_4Tuy2sflhKdOt6ity_Eo_A.html]
[eth2xxxevent.digital/static/files/1_U3yrRtqWkn2cCwLnYCxN-w2.html]
[eth2xxxevent.digital/cdn-images-1.medium.com/max/800/1_UHb2HozobNe2uMS7q2Iz5Q.html]
[eth2xxxevent.digital/LTC/custom.js]
[eth2xxxevent.digital/cdn-static-1.medium.com/_/fp/img/payments/credit-card-sprite.aNIJTodZTkf86-MUkQX7Xw.html]
[eth2xxxevent.digital/media/media/rGFTTdgoH-i1d6Y7k78BzFPjvo8..jpg]
[eth2xxxevent.digital/ETH/img/link.png]
[eth2xxxevent.digital/files/eth.svg]
[eth2xxxevent.digital/media/media/3DesJbi30XqZenQwhmIhbD0..jpg]
[eth2xxxevent.digital/ETH/index.html]
[eth2xxxevent.digital/ETH/custom.js]
[eth2xxxevent.digital/BTC/img/link.html]
[eth2xxxevent.digital/files/fav.html]
[eth2xxxevent.digital/chart.googleapis.com/charta0ee7203.html]
[eth2xxxevent.digital/files/loading.svg]
[eth2xxxevent.digital/files/copy.svg]
[eth2xxxevent.digital/files/done.svg]
[eth2xxxevent.digital/files/btc.svg]
[eth2xxxevent.digital/files/exchange-alt.svg]
[eth2xxxevent.digital/files/jdfghkjdfhgvsjkdfgcphjkfdhgjsdfg.js]
[eth2xxxevent.digital/BTC/custom.js]
[eth2xxxevent.digital/files/xrp.svg]
[eth2xxxevent.digital/XRP/custom.js]
[eth2xxxevent.digital/TRX/img/link.html]
[eth2xxxevent.digital/chart.googleapis.com/chart9028027b.html]
[eth2xxxevent.digital/TRX/custom.js]
[eth2xxxevent.digital/LTC/img/link.png]
[eth2xxxevent.digital/files/LTC.html]
[eth2xxxevent.digital/LTC/custom.js]
[eth2xxxevent.digital/files/style.css]
[eth2xxxevent.digital/files/theme.min.css]
[eth2xxxevent.digital/ETH/img/link.html]
[eth2xxxevent.digital/files/eth.svg]
[eth2xxxevent.digital/ETH/custom.js]
[eth2xxxevent.digital/files/style.css]
[eth2xxxevent.digital/files/theme.min.css]
[eth2xxxevent.digital/LTC/img/link.png]
[eth2xxxevent.digital/chart.googleapis.com/chart5c3fc065.png]
[eth2xxxevent.digital/files/load.gif]
[eth2xxxevent.digital/files/load.gif]
[eth2xxxevent.digital/chart.googleapis.com/chart5c3fc065.png]
[eth2xxxevent.digital/files/_15734218007197.html]
[eth2xxxevent.digital/files/_157342180071910.html]
[eth2xxxevent.digital/svg/preloaders/circle-preloader.html]
